[2026-05-20T17:13:41.483Z] Starting dev server with command: pnpm run dev
[2026-05-20T17:13:43.271Z] > apagon-landing@1.0.0 dev /home/ubuntu/apagon-landing
[2026-05-20T17:13:43.272Z] > vite --host
[2026-05-20T17:13:43.735Z] VITE v7.1.9  ready in 425 ms
[2026-05-20T17:13:43.736Z] ➜  Local:   http://localhost:3000/
[2026-05-20T17:13:43.736Z] ➜  Network: http://169.254.0.21:3000/
[2026-05-20T17:16:29.167Z] 5:16:29 PM [vite] (client) page reload index.html
[2026-05-20T17:17:43.922Z] [baseline-browser-mapping] The data in this module is over two months old.  To ensure accurate Baseline data, please update: `npm i baseline-browser-mapping@latest -D`
[2026-05-20T17:35:51.405Z] 5:35:51 PM [vite] (client) page reload index.html
[2026-05-20T17:35:51.493Z] 5:35:51 PM [vite] changed tsconfig file detected: /home/ubuntu/apagon-landing/tsconfig.json - Clearing cache and forcing full-reload to ensure TypeScript is compiled with updated config values.
[2026-05-20T17:35:51.495Z] 5:35:51 PM [vite] (client) page reload client/index.html
[2026-05-20T17:35:54.320Z] 5:35:54 PM [vite] (client) page reload index.html
[2026-05-20T17:42:10.771Z] 5:42:10 PM [vite] (client) page reload index.html
[2026-05-20T17:42:10.862Z] 5:42:10 PM [vite] changed tsconfig file detected: /home/ubuntu/apagon-landing/tsconfig.json - Clearing cache and forcing full-reload to ensure TypeScript is compiled with updated config values.
[2026-05-20T17:42:10.864Z] 5:42:10 PM [vite] (client) page reload client/index.html
[2026-05-20T17:42:19.191Z] 5:42:19 PM [vite] (client) page reload index.html
[2026-05-20T17:46:37.105Z] 5:46:37 PM [vite] (client) page reload index.html
[2026-05-20T17:46:37.196Z] 5:46:37 PM [vite] changed tsconfig file detected: /home/ubuntu/apagon-landing/tsconfig.json - Clearing cache and forcing full-reload to ensure TypeScript is compiled with updated config values.
[2026-05-20T17:46:37.197Z] 5:46:37 PM [vite] (client) page reload client/index.html
[2026-05-20T17:46:40.640Z] 5:46:40 PM [vite] (client) page reload index.html
